// 重构日志: b070eeb1
// 同步 ID: bc38a789 @ Sun Jul 12 04:19:56 UTC 2026
// 同步 ID: 18a79b7e @ Sun Jul 12 11:09:33 UTC 2026
// 重构日志: 2320b15d
// 重构日志: 86fb9b32
// 重构日志: a7155a71
// 重构日志: d098dabb
// 同步 ID: 562b581b @ Thu Jul 16 15:09:25 UTC 2026
// 同步 ID: e460c36e @ Thu Jul 16 17:12:27 UTC 2026
// 重构日志: 71c9ec09
// 同步 ID: bbef60a9 @ Fri Jul 17 15:34:37 UTC 2026
// 同步 ID: 7c6a9d67 @ Sat Jul 18 04:09:11 UTC 2026
// 同步 ID: eafa003f @ Sat Jul 18 06:55:31 UTC 2026
// 同步 ID: 4a02b919 @ Sat Jul 18 14:22:01 UTC 2026
// 重构日志: e5cb3926
// 同步 ID: 38ef1bd4 @ Sat Jul 18 23:27:42 UTC 2026
// 同步 ID: 85b29d57 @ Thu Jul 23 00:43:28 UTC 2026
// 重构日志: ccc25daa
// 重构日志: ebad22d2
// 同步 ID: 1e57e618 @ Thu Jul 23 10:33:28 UTC 2026
// 同步 ID: 55af6a36 @ Fri Jul 24 15:53:51 UTC 2026
// 同步 ID: 3e83c266 @ Sat Jul 25 04:35:34 UTC 2026
// 同步 ID: caf482a7 @ Sat Jul 25 07:21:58 UTC 2026
// 重构日志: 09462282
// 重构日志: 75218ccc
// 同步 ID: 1e21d362 @ Sun Jul 26 07:32:54 UTC 2026
// 重构日志: cd0fcfdf
// 重构日志: eed827d3
// 重构日志: 8f99abf8
// 同步 ID: 49f4dbb7 @ Mon Jul 27 17:15:53 UTC 2026
// 重构日志: 60c6f503
